> 
> library(dplyr)

Attaching package: ‘dplyr’

The following objects are masked from ‘package:stats’:

    filter, lag

The following objects are masked from ‘package:base’:

    intersect, setdiff, setequal, union

> library(raster)
Loading required package: sp

Attaching package: ‘raster’

The following object is masked from ‘package:dplyr’:

    select

> library(googletraffic)
> 
> rmarkdown::find_pandoc(dir = "/usr/lib/rstudio/resources/app/bin/quarto/bin/tools/pandoc")
$version
[1] ‘0’

$dir
NULL

> Sys.setenv(RSTUDIO_PANDOC="/usr/lib/rstudio/resources/app/bin/quarto/bin/tools/pandoc")
> # rmarkdown::pandoc_exec()
> rmarkdown::find_pandoc()
$version
[1] ‘0’

$dir
NULL

> 
> # # Define Leaflet Palette and Legend
> # traffic_pal = leaflet::colorNumeric(c("green", "orange", "red", "#660000"), 
> #                             1:4,
> #                             na.color = "transparent")
> 
> 
> # Get data in raster format
> CITYlimit = readRDS("/media/rosa/Dados/GIS/Streets4All/SiteSelection/database/lisbon_limit.Rds")
> traffic_raster = gt_make_raster_from_polygon(polygon = CITYlimit,
+                     zoom       = 16, #12 - 1.6MB, 13 - 6.2MB, 14 - 24MB, 15 - 98MB, 16 -349MB
+                     google_key = Sys.getenv("GOOGLE_KEY"))
Raster will be created from 16 Google traffic tiles.
Processing grid / API query 1 out of 16; pausing for 16 seconds to allow traffic data to render
Error in pandoc_self_contained_html(file, file) : 
  Saving a widget with selfcontained = TRUE requires pandoc. See here to learn more https://bookdown.org/yihui/rmarkdown-cookbook/install-pandoc.html
Calls: gt_make_raster_from_polygon ... gt_make_html -> <Anonymous> -> pandoc_self_contained_html
In addition: There were 12 warnings (use warnings() to see them)
Execution halted
